<html>
<body>
<pre>
<h1>µVision Build Log</h1>
<h2>Tool Versions:</h2>
IDE-Version: ¦ÌVision V5.25.2.0
Copyright (C) 2018 ARM Ltd and ARM Germany GmbH. All rights reserved.
License Information: Bruce Ding, xxxxxxx, LIC=ZB4EI-T5EQB-FWT2N-YU0WZ-ST45Y-WK3VF
 
Tool Versions:
Toolchain:       MDK-ARM Plus  Version: 5.25.2.0
Toolchain Path:  D:\Program Files\Keil_v5\ARM\ARMCC\Bin
C Compiler:      Armcc.exe V5.06 update 6 (build 750)
Assembler:       Armasm.exe V5.06 update 6 (build 750)
Linker/Locator:  ArmLink.exe V5.06 update 6 (build 750)
Library Manager: ArmAr.exe V5.06 update 6 (build 750)
Hex Converter:   FromElf.exe V5.06 update 6 (build 750)
CPU DLL:         SARMCM3.DLL V5.25.2.0
Dialog DLL:      DCM.DLL V1.17.1.0
Target DLL:      STLink\ST-LINKIII-KEIL_SWO.dll V3.0.1.0
Dialog DLL:      TCM.DLL V1.35.1.0
 
<h2>Project:</h2>
C:\Users\Ding\Desktop\Electronic\STM32\STM32F401\MPU_I2C\MDK-ARM\MPU_I2C.uvprojx
Project File Date:  08/15/2022

<h2>Output:</h2>
*** Using Compiler 'V5.06 update 6 (build 750)', folder: 'D:\Program Files\Keil_v5\ARM\ARMCC\Bin'
Rebuild target 'MPU_I2C'
assembling startup_stm32f401xc.s...
compiling armlib_lock_glue.c...
armlib_lock_glue.c(44): warning:  #1215-D: #warning directive: Microlib does not provide mutex locks to guard against code that is not thread safe
  #warning Microlib does not provide mutex locks to guard against code that is not thread safe
armlib_lock_glue.c: 1 warning, 0 errors
compiling RingBuffer.c...
compiling crc.c...
compiling tim.c...
compiling dma.c...
compiling main.c...
compiling gpio.c...
compiling stm32f4xx_hal_timebase_tim.c...
compiling stm32f4xx_it.c...
compiling stm32f4xx_hal_msp.c...
compiling i2c.c...
compiling freertos.c...
../MadgwickAHRS/MadgwickAHRS.h(28): warning:  #1295-D: Deprecated declaration getRPY - give arg types
  void getRPY();
../Core/Src/freertos.c(593): warning:  #167-D: argument of type "char *" is incompatible with parameter of type "uint8_t *"
  			CDC_Transmit_FS(usb_string, sizeof(usb_string));
../Core/Src/freertos.c: 2 warnings, 0 errors
compiling stm32f4xx_hal_pcd_ex.c...
compiling stm32f4xx_hal_pcd.c...
compiling stm32f4xx_hal_flash_ex.c...
compiling stm32f4xx_hal_rcc_ex.c...
compiling stm32f4xx_ll_usb.c...
compiling stm32f4xx_hal_flash.c...
compiling stm32f4xx_hal_flash_ramfunc.c...
compiling stm32f4xx_hal_rcc.c...
compiling stm32f4xx_hal_gpio.c...
compiling stm32f4xx_hal_dma_ex.c...
compiling stm32f4xx_hal_dma.c...
compiling stm32f4xx_hal_pwr.c...
compiling stm32f4xx_hal_pwr_ex.c...
compiling stm32f4xx_hal.c...
compiling stm32f4xx_hal_cortex.c...
compiling croutine.c...
compiling event_groups.c...
compiling stm32f4xx_hal_crc.c...
compiling stm32f4xx_hal_exti.c...
compiling list.c...
compiling stm32f4xx_hal_i2c_ex.c...
compiling queue.c...
compiling stream_buffer.c...
compiling heap_4.c...
compiling timers.c...
compiling system_stm32f4xx.c...
compiling tasks.c...
compiling stm32f4xx_hal_tim_ex.c...
compiling stm32f4xx_hal_tim.c...
compiling port.c...
compiling stm32f4xx_hal_i2c.c...
compiling usbd_desc.c...
compiling MadgwickAHRS.c...
..\MadgwickAHRS\MadgwickAHRS.h(28): warning:  #1295-D: Deprecated declaration getRPY - give arg types
  void getRPY();
..\MadgwickAHRS\MadgwickAHRS.c: 1 warning, 0 errors
compiling usb_device.c...
compiling usbd_cdc_if.c...
compiling usbd_core.c...
compiling usbd_conf.c...
compiling cmsis_os2.c...
compiling usbd_ctlreq.c...
compiling usbd_ioreq.c...
compiling usbd_cdc.c...
linking...
Program Size: Code=47224 RO-data=792 RW-data=472 ZI-data=27720  
FromELF: creating hex file...
"MPU_I2C\MPU_I2C.axf" - 0 Error(s), 4 Warning(s).

<h2>Software Packages used:</h2>

Package Vendor: ARM
                http://www.keil.com/pack/ARM.CMSIS.5.3.0.pack
                ARM.CMSIS.5.3.0
                CMSIS (Cortex Microcontroller Software Interface Standard)
   * Component: CORE Version: 5.1.1
   * Component: DSP Version: 1.5.2

Package Vendor: Keil
                http://www.keil.com/pack/Keil.STM32F4xx_DFP.2.7.0.pack
                Keil.STM32F4xx_DFP.2.7.0
                STMicroelectronics STM32F4 Series Device Support, Drivers and Examples

<h2>Collection of Component include folders:</h2>
  .\RTE\_MPU_I2C
  D:\Program Files\Keil_v5\ARM\PACK\ARM\CMSIS\5.3.0\CMSIS\Include
  D:\Program Files\Keil_v5\ARM\PACK\Keil\STM32F4xx_DFP\2.7.0\Drivers\CMSIS\Device\ST\STM32F4xx\Include

<h2>Collection of Component Files used:</h2>

   * Component: ARM::CMSIS:CORE:5.1.1

   * Component: ARM::CMSIS:DSP:1.5.2
      Include file:  CMSIS\Include\arm_math.h
      Library file:  CMSIS\Lib\ARM\arm_cortexM4lf_math.lib
Build Time Elapsed:  00:00:14
</pre>
</body>
</html>
